[backblue.gif]
[fade.gif]
[index.html]
[remtsoy.com/tf_templates/the_box/demo_v1_6/img/patterns/binding_light.png]
[remtsoy.com/tf_templates/the_box/demo_v1_6/img/patterns/binding_dark.png]
[remtsoy.com/tf_templates/the_box/demo_v1_6/img/patterns/dark_fish_skin.png]
[remtsoy.com/tf_templates/the_box/demo_v1_6/img/patterns/dimension.png]
[remtsoy.com/tf_templates/the_box/demo_v1_6/img/patterns/escheresque_ste.png]
[remtsoy.com/tf_templates/the_box/demo_v1_6/img/patterns/food.png]
[remtsoy.com/tf_templates/the_box/demo_v1_6/img/patterns/giftly.png]
[remtsoy.com/tf_templates/the_box/demo_v1_6/img/patterns/grey_wash_wall.png]
[remtsoy.com/tf_templates/the_box/demo_v1_6/img/patterns/ps_neutral.png]
[remtsoy.com/tf_templates/the_box/demo_v1_6/img/patterns/pw_maze_black.png]
[remtsoy.com/tf_templates/the_box/demo_v1_6/img/patterns/pw_pattern.png]
[remtsoy.com/tf_templates/the_box/demo_v1_6/img/patterns/simple_dashed.png]
[remtsoy.com/tf_templates/the_box/demo_v1_6/img/switcher/bike.jpg]
[remtsoy.com/tf_templates/the_box/demo_v1_6/img/backgrounds/bike.jpg]
[remtsoy.com/tf_templates/the_box/demo_v1_6/img/switcher/flowers.jpg]
[remtsoy.com/tf_templates/the_box/demo_v1_6/img/backgrounds/flowers.jpg]
[remtsoy.com/tf_templates/the_box/demo_v1_6/img/switcher/wood.jpg]
[remtsoy.com/tf_templates/the_box/demo_v1_6/img/backgrounds/wood.jpg]
[remtsoy.com/tf_templates/the_box/demo_v1_6/img/switcher/taxi.jpg]
[remtsoy.com/tf_templates/the_box/demo_v1_6/img/backgrounds/taxi.jpg]
[remtsoy.com/tf_templates/the_box/demo_v1_6/img/switcher/phone.jpg]
[remtsoy.com/tf_templates/the_box/demo_v1_6/img/backgrounds/phone.jpg]
[remtsoy.com/tf_templates/the_box/demo_v1_6/img/switcher/road.jpg]
[remtsoy.com/tf_templates/the_box/demo_v1_6/img/backgrounds/road.jpg]
[remtsoy.com/tf_templates/the_box/demo_v1_6/img/switcher/keyboard.jpg]
[remtsoy.com/tf_templates/the_box/demo_v1_6/img/backgrounds/keyboard.jpg]
[remtsoy.com/tf_templates/the_box/demo_v1_6/img/switcher/beach.jpg]
[remtsoy.com/tf_templates/the_box/demo_v1_6/img/backgrounds/beach.jpg]
[remtsoy.com/tf_templates/the_box/demo_v1_6/img/switcher/street.jpg]
[remtsoy.com/tf_templates/the_box/demo_v1_6/img/backgrounds/street.jpg]
[remtsoy.com/tf_templates/the_box/demo_v1_6/img/switcher/nature.jpg]
[remtsoy.com/tf_templates/the_box/demo_v1_6/img/backgrounds/nature.jpg]
[remtsoy.com/tf_templates/the_box/demo_v1_6/img/switcher/bridge.jpg]
[remtsoy.com/tf_templates/the_box/demo_v1_6/img/backgrounds/bridge.jpg]
[remtsoy.com/tf_templates/the_box/demo_v1_6/img/switcher/cameras.jpg]
[remtsoy.com/tf_templates/the_box/demo_v1_6/img/backgrounds/cameras.jpg]
[remtsoy.com/tf_templates/the_box/demo_v1_6/img/logo-w.png]
[remtsoy.com/tf_templates/the_box/demo_v1_6/img/test_cat/2.png]
[remtsoy.com/tf_templates/the_box/demo_v1_6/img/test_cat/3.png]
[remtsoy.com/tf_templates/the_box/demo_v1_6/img/test_cat/4.png]
[remtsoy.com/tf_templates/the_box/demo_v1_6/img/test_cat/5.png]
[remtsoy.com/tf_templates/the_box/demo_v1_6/img/test_cat/6.png]
[remtsoy.com/tf_templates/the_box/demo_v1_6/img/test_cat/7.png]
[remtsoy.com/tf_templates/the_box/demo_v1_6/img/test_cat/9.png]
[remtsoy.com/tf_templates/the_box/demo_v1_6/img/test_cat/11.png]
[remtsoy.com/tf_templates/the_box/demo_v1_6/img/test_cat/12.png]
[remtsoy.com/tf_templates/the_box/demo_v1_6/img/test_cat/13.png]
[remtsoy.com/tf_templates/the_box/demo_v1_6/img/test_cat/14.png]
[remtsoy.com/tf_templates/the_box/demo_v1_6/img/test_cat/15.png]
[remtsoy.com/tf_templates/the_box/demo_v1_6/img/cart/1.jpg]
[remtsoy.com/tf_templates/the_box/demo_v1_6/img/cart/2.jpg]
[remtsoy.com/tf_templates/the_box/demo_v1_6/img/cart/3.jpg]
[remtsoy.com/tf_templates/the_box/demo_v1_6/img/cart/4.jpg]
[remtsoy.com/tf_templates/the_box/demo_v1_6/img/test_slider/1.png]
[remtsoy.com/tf_templates/the_box/demo_v1_6/img/concert_2_1200x500.jpg]
[remtsoy.com/tf_templates/the_box/demo_v1_6/img/test_slider/2.png]
[remtsoy.com/tf_templates/the_box/demo_v1_6/img/test_slider/3.png]
[remtsoy.com/tf_templates/the_box/demo_v1_6/img/test_banner/1.png]
[remtsoy.com/tf_templates/the_box/demo_v1_6/img/test_banner/2.png]
[remtsoy.com/tf_templates/the_box/demo_v1_6/img/test_banner/3.png]
[remtsoy.com/tf_templates/the_box/demo_v1_6/img/test_product/woman_watches/4.jpg]
[remtsoy.com/tf_templates/the_box/demo_v1_6/img/test_product/woman_watches/4-a.jpg]
[remtsoy.com/tf_templates/the_box/demo_v1_6/img/test_product/home_tools/2.jpg]
[remtsoy.com/tf_templates/the_box/demo_v1_6/img/test_product/home_tools/2-a.jpg]
[remtsoy.com/tf_templates/the_box/demo_v1_6/img/test_product/34.jpg]
[remtsoy.com/tf_templates/the_box/demo_v1_6/img/test_product/34-a.jpg]
[remtsoy.com/tf_templates/the_box/demo_v1_6/img/test_product/home_tools/7.jpg]
[remtsoy.com/tf_templates/the_box/demo_v1_6/img/test_product/home_tools/7-a.jpg]
[remtsoy.com/tf_templates/the_box/demo_v1_6/img/test_product/home_tools/6.jpg]
[remtsoy.com/tf_templates/the_box/demo_v1_6/img/test_product/home_tools/6-a.jpg]
[remtsoy.com/tf_templates/the_box/demo_v1_6/img/test_product/30.jpg]
[remtsoy.com/tf_templates/the_box/demo_v1_6/img/test_product/30-a.jpg]
[remtsoy.com/tf_templates/the_box/demo_v1_6/img/test_product/man_fashion/12.jpg]
[remtsoy.com/tf_templates/the_box/demo_v1_6/img/test_product/man_fashion/12-a.jpg]
[remtsoy.com/tf_templates/the_box/demo_v1_6/img/test_product/sports/1.jpg]
[remtsoy.com/tf_templates/the_box/demo_v1_6/img/test_product/woman_watches/1.jpg]
[remtsoy.com/tf_templates/the_box/demo_v1_6/img/test_product/man_fashion/14.jpg]
[remtsoy.com/tf_templates/the_box/demo_v1_6/img/test_product/man_fashion/10.jpg]
[remtsoy.com/tf_templates/the_box/demo_v1_6/img/test_product/cameras/2.jpg]
[remtsoy.com/tf_templates/the_box/demo_v1_6/img/test_product/cameras/3.jpg]
[remtsoy.com/tf_templates/the_box/demo_v1_6/img/test_product/woman_heels/2.jpg]
[remtsoy.com/tf_templates/the_box/demo_v1_6/img/test_banner/5.png]
[remtsoy.com/tf_templates/the_box/demo_v1_6/img/test_banner/6.png]
[remtsoy.com/tf_templates/the_box/demo_v1_6/img/test_product/woman_watches/1-a.jpg]
[remtsoy.com/tf_templates/the_box/demo_v1_6/img/test_product/man_fashion/13.jpg]
[remtsoy.com/tf_templates/the_box/demo_v1_6/img/test_product/man_fashion/13-a.jpg]
[remtsoy.com/tf_templates/the_box/demo_v1_6/img/test_product/woman_dress/1.jpg]
[remtsoy.com/tf_templates/the_box/demo_v1_6/img/test_product/woman_dress/1-a.jpg]
[remtsoy.com/tf_templates/the_box/demo_v1_6/img/test_product/woman_running_shoes/2.jpg]
[remtsoy.com/tf_templates/the_box/demo_v1_6/img/test_product/woman_bags/7.jpg]
[remtsoy.com/tf_templates/the_box/demo_v1_6/img/test_product/woman_bags/5.jpg]
[remtsoy.com/tf_templates/the_box/demo_v1_6/img/test_product/man_fashion/9.jpg]
[remtsoy.com/tf_templates/the_box/demo_v1_6/img/test_product/woman_bags/8.jpg]
[remtsoy.com/tf_templates/the_box/demo_v1_6/img/test_product/woman_bags/6.jpg]
[remtsoy.com/tf_templates/the_box/demo_v1_6/img/test_product/man_fashion/2.jpg]
[remtsoy.com/tf_templates/the_box/demo_v1_6/img/test_product/woman_running_shoes/5.jpg]
[remtsoy.com/tf_templates/the_box/demo_v1_6/img/test_product/man_fashion/6.jpg]
[remtsoy.com/tf_templates/the_box/demo_v1_6/img/test_product/man_fashion/5.jpg]
[remtsoy.com/tf_templates/the_box/demo_v1_6/img/test_product/woman_watches/5.jpg]
[remtsoy.com/tf_templates/the_box/demo_v1_6/img/test_banner/10.png]
[remtsoy.com/tf_templates/the_box/demo_v1_6/img/test_banner/11.png]
[remtsoy.com/tf_templates/the_box/demo_v1_6/img/test_banner/12.png]
[remtsoy.com/tf_templates/the_box/demo_v1_6/img/training_1200x500.jpg]
[remtsoy.com/tf_templates/the_box/demo_v1_6/img/test_slider/5.png]
[remtsoy.com/tf_templates/the_box/demo_v1_6/img/test_product/35.jpg]
[remtsoy.com/tf_templates/the_box/demo_v1_6/img/test_product/35-a.jpg]
[remtsoy.com/tf_templates/the_box/demo_v1_6/img/test_product/laptops/1.jpg]
[remtsoy.com/tf_templates/the_box/demo_v1_6/img/test_product/laptops/1-a.jpg]
[remtsoy.com/tf_templates/the_box/demo_v1_6/img/test_product/31.jpg]
[remtsoy.com/tf_templates/the_box/demo_v1_6/img/test_product/31-a.jpg]
[remtsoy.com/tf_templates/the_box/demo_v1_6/img/test_product/cameras/1.jpg]
[remtsoy.com/tf_templates/the_box/demo_v1_6/img/test_product/cameras/1-a.jpg]
[remtsoy.com/tf_templates/the_box/demo_v1_6/img/test_product/laptops/3.jpg]
[remtsoy.com/tf_templates/the_box/demo_v1_6/img/test_product/laptops/3-a.jpg]
[remtsoy.com/tf_templates/the_box/demo_v1_6/img/test_product/cameras/3-a.jpg]
[remtsoy.com/tf_templates/the_box/demo_v1_6/img/test_product/29.jpg]
[remtsoy.com/tf_templates/the_box/demo_v1_6/img/test_product/29-a.jpg]
[remtsoy.com/tf_templates/the_box/demo_v1_6/img/test_product/32.jpg]
[remtsoy.com/tf_templates/the_box/demo_v1_6/img/test_product/32-a.jpg]
[remtsoy.com/tf_templates/the_box/demo_v1_6/img/test_banner/7.png]
[remtsoy.com/tf_templates/the_box/demo_v1_6/img/test_banner/8.png]
[remtsoy.com/tf_templates/the_box/demo_v1_6/img/test_banner/9.png]
[remtsoy.com/tf_templates/the_box/demo_v1_6/img/196_365_1200x500.jpg]
[remtsoy.com/tf_templates/the_box/demo_v1_6/img/test_product/furniture/1.jpg]
[remtsoy.com/tf_templates/the_box/demo_v1_6/img/test_product/furniture/1-a.jpg]
[remtsoy.com/tf_templates/the_box/demo_v1_6/img/test_product/home_tech/6.jpg]
[remtsoy.com/tf_templates/the_box/demo_v1_6/img/test_product/home_tech/6-a.jpg]
[remtsoy.com/tf_templates/the_box/demo_v1_6/img/test_product/furniture/3.jpg]
[remtsoy.com/tf_templates/the_box/demo_v1_6/img/test_product/furniture/3-a.jpg]
[remtsoy.com/tf_templates/the_box/demo_v1_6/img/test_product/home_tech/3.jpg]
[remtsoy.com/tf_templates/the_box/demo_v1_6/img/test_product/home_tech/3-a.jpg]
[remtsoy.com/tf_templates/the_box/demo_v1_6/img/test_product/furniture/6.jpg]
[remtsoy.com/tf_templates/the_box/demo_v1_6/img/test_product/furniture/4.jpg]
[remtsoy.com/tf_templates/the_box/demo_v1_6/img/test_product/furniture/5.jpg]
[remtsoy.com/tf_templates/the_box/demo_v1_6/img/test_product/home_tech/2.jpg]
[remtsoy.com/tf_templates/the_box/demo_v1_6/img/test_product/home_tech/4.jpg]
[remtsoy.com/tf_templates/the_box/demo_v1_6/img/test_product/furniture/2.jpg]
[remtsoy.com/tf_templates/the_box/demo_v1_6/img/test_banner/13.png]
[remtsoy.com/tf_templates/the_box/demo_v1_6/img/test_banner/14.png]
[remtsoy.com/tf_templates/the_box/demo_v1_6/img/test_product/man_fashion/11.jpg]
[remtsoy.com/tf_templates/the_box/demo_v1_6/img/test_product/woman_heels/1.jpg]
[remtsoy.com/tf_templates/the_box/demo_v1_6/img/test_product/woman_running_shoes/6.jpg]
[remtsoy.com/tf_templates/the_box/demo_v1_6/img/test_product/home_tools/1.jpg]
[remtsoy.com/tf_templates/the_box/demo_v1_6/img/test_product/woman_running_shoes/3.jpg]
[remtsoy.com/tf_templates/the_box/demo_v1_6/img/test_product/woman_watches/7.jpg]
[remtsoy.com/tf_templates/the_box/demo_v1_6/img/test_product/man_fashion/8.jpg]
[remtsoy.com/tf_templates/the_box/demo_v1_6/img/test_product/home_tools/3.jpg]
[remtsoy.com/tf_templates/the_box/demo_v1_6/img/test_slider/7.png]
[remtsoy.com/tf_templates/the_box/demo_v1_6/img/test_icon/exterior.png]
[remtsoy.com/tf_templates/the_box/demo_v1_6/img/test_icon/jewelry.png]
[remtsoy.com/tf_templates/the_box/demo_v1_6/img/test_icon/baby-room.png]
[remtsoy.com/tf_templates/the_box/demo_v1_6/img/test_icon/tech.png]
[remtsoy.com/tf_templates/the_box/demo_v1_6/img/test_icon/clothes.png]
[remtsoy.com/tf_templates/the_box/demo_v1_6/img/test_icon/ball.png]
[remtsoy.com/tf_templates/the_box/demo_v1_6/img/test_icon/gamepad.png]
[remtsoy.com/tf_templates/the_box/demo_v1_6/img/test_icon/signpost.png]
[remtsoy.com/tf_templates/the_box/demo_v1_6/img/test_icon/art.png]
[remtsoy.com/tf_templates/the_box/demo_v1_6/img/test_icon/garage.png]
[remtsoy.com/tf_templates/the_box/demo_v1_6/img/test_icon/tools.png]
[remtsoy.com/tf_templates/the_box/demo_v1_6/img/test_icon/metamorphose.png]
[remtsoy.com/tf_templates/the_box/demo_v1_6/img/test_footer2.png]
[remtsoy.com/tf_templates/the_box/demo_v1_6/img/payment/visa-straight-32px.png]
[remtsoy.com/tf_templates/the_box/demo_v1_6/img/payment/mastercard-straight-32px.png]
[remtsoy.com/tf_templates/the_box/demo_v1_6/img/payment/paypal-straight-32px.png]
[remtsoy.com/tf_templates/the_box/demo_v1_6/img/payment/visa-electron-straight-32px.png]
[remtsoy.com/tf_templates/the_box/demo_v1_6/img/payment/maestro-straight-32px.png]
[remtsoy.com/tf_templates/the_box/demo_v1_6/img/payment/discover-straight-32px.png]
[remtsoy.com/tf_templates/the_box/demo_v1_6/js/jquery.js]
[remtsoy.com/tf_templates/the_box/demo_v1_6/js/bootstrap.js]
[remtsoy.com/tf_templates/the_box/demo_v1_6/js/icheck.js]
[remtsoy.com/tf_templates/the_box/demo_v1_6/js/ionrangeslider.js]
[remtsoy.com/tf_templates/the_box/demo_v1_6/js/jqzoom.js]
[remtsoy.com/tf_templates/the_box/demo_v1_6/js/card-payment.js]
[remtsoy.com/tf_templates/the_box/demo_v1_6/js/owl-carousel.js]
[remtsoy.com/tf_templates/the_box/demo_v1_6/js/magnific.js]
[remtsoy.com/tf_templates/the_box/demo_v1_6/js/custom.js]
[remtsoy.com/tf_templates/the_box/demo_v1_6/js/switcher.js]
[remtsoy.com/tf_templates/the_box/demo_v1_6/index.html]
[remtsoy.com/tf_templates/the_box/demo_v1_6/css/bootstrap.css]
[remtsoy.com/tf_templates/the_box/demo_v1_6/fonts/fontawesome-webfonte0a5.eot]
[remtsoy.com/tf_templates/the_box/demo_v1_6/fonts/fontawesome-webfontd41d.eot]
[remtsoy.com/tf_templates/the_box/demo_v1_6/fonts/fontawesome-webfonte0a5.woff]
[remtsoy.com/tf_templates/the_box/demo_v1_6/fonts/fontawesome-webfonte0a5.ttf]
[remtsoy.com/tf_templates/the_box/demo_v1_6/css/font-awesome.css]
[remtsoy.com/tf_templates/the_box/demo_v1_6/img/payment/visa-curved-32px.png]
[remtsoy.com/tf_templates/the_box/demo_v1_6/img/payment/mastercard-curved-32px.png]
[remtsoy.com/tf_templates/the_box/demo_v1_6/img/payment/american-express-curved-32px.png]
[remtsoy.com/tf_templates/the_box/demo_v1_6/img/payment/discover-curved-32px.png]
[remtsoy.com/tf_templates/the_box/demo_v1_6/img/payment/maestro-curved-32px.png]
[remtsoy.com/tf_templates/the_box/demo_v1_6/css/styles.css]
[remtsoy.com/tf_templates/the_box/demo_v1_6/css/mystyles.css]
[remtsoy.com/tf_templates/the_box/demo_v1_6/css/switcher.css]
[remtsoy.com/tf_templates/the_box/demo_v1_6/css/schemes/bright-turquoise.css]
[remtsoy.com/tf_templates/the_box/demo_v1_6/css/schemes/turkish-rose.css]
[remtsoy.com/tf_templates/the_box/demo_v1_6/css/schemes/salem.css]
[remtsoy.com/tf_templates/the_box/demo_v1_6/css/schemes/hippie-blue.css]
[remtsoy.com/tf_templates/the_box/demo_v1_6/css/schemes/mandy.css]
[remtsoy.com/tf_templates/the_box/demo_v1_6/css/schemes/green-smoke.css]
[remtsoy.com/tf_templates/the_box/demo_v1_6/css/schemes/horizon.css]
[remtsoy.com/tf_templates/the_box/demo_v1_6/css/schemes/cerise.css]
[remtsoy.com/tf_templates/the_box/demo_v1_6/css/schemes/brick-red.css]
[remtsoy.com/tf_templates/the_box/demo_v1_6/css/schemes/de-york.css]
[remtsoy.com/tf_templates/the_box/demo_v1_6/css/schemes/shamrock.css]
[remtsoy.com/tf_templates/the_box/demo_v1_6/css/schemes/studio.css]
[remtsoy.com/tf_templates/the_box/demo_v1_6/css/schemes/leather.css]
[remtsoy.com/tf_templates/the_box/demo_v1_6/css/schemes/denim.css]
[remtsoy.com/tf_templates/the_box/demo_v1_6/css/schemes/scarlet.css]
[remtsoy.com/tf_templates/the_box/demo_v1_6/indexc392.html]
[remtsoy.com/tf_templates/the_box/demo_v1_6/index-2.html]
[remtsoy.com/tf_templates/the_box/demo_v1_6/img/logo.png]
[remtsoy.com/tf_templates/the_box/demo_v1_6/img/test_slider/13.png]
[remtsoy.com/tf_templates/the_box/demo_v1_6/img/smart-watch-apple-technology-style-821557_1400x500.jpg]
[remtsoy.com/tf_templates/the_box/demo_v1_6/img/test_product/man_fashion/4.jpg]
[remtsoy.com/tf_templates/the_box/demo_v1_6/img/test_product/man_fashion/1.jpg]
[remtsoy.com/tf_templates/the_box/demo_v1_6/img/test_product/sports/6.jpg]
[remtsoy.com/tf_templates/the_box/demo_v1_6/img/test_product/laptops/5.jpg]
[remtsoy.com/tf_templates/the_box/demo_v1_6/img/test_product/sports/4.jpg]
[remtsoy.com/tf_templates/the_box/demo_v1_6/img/landscape-scotland-nature_380x220.jpg]
[remtsoy.com/tf_templates/the_box/demo_v1_6/img/test_banner/16.png]
[remtsoy.com/tf_templates/the_box/demo_v1_6/img/pier-jetty-ocean-sea-water-way_750x200.jpg]
[remtsoy.com/tf_templates/the_box/demo_v1_6/img/test_banner/17.png]
[remtsoy.com/tf_templates/the_box/demo_v1_6/img/test_banner/19.jpg]
[remtsoy.com/tf_templates/the_box/demo_v1_6/img/test_banner/18.png]
[remtsoy.com/tf_templates/the_box/demo_v1_6/img/apple-education-school-knowledge_380x200.jpg]
[remtsoy.com/tf_templates/the_box/demo_v1_6/img/test_banner/20.png]
[remtsoy.com/tf_templates/the_box/demo_v1_6/img/test_banner/22.jpg]
[remtsoy.com/tf_templates/the_box/demo_v1_6/img/test_banner/21.png]
[remtsoy.com/tf_templates/the_box/demo_v1_6/img/light-interior-design-tv_380x200.jpg]
[remtsoy.com/tf_templates/the_box/demo_v1_6/img/test_banner/23.png]
[remtsoy.com/tf_templates/the_box/demo_v1_6/img/test_product/man_fashion/7.jpg]
[remtsoy.com/tf_templates/the_box/demo_v1_6/img/test_product/woman_bags/4.jpg]
[remtsoy.com/tf_templates/the_box/demo_v1_6/img/test_product/sports/5.jpg]
[remtsoy.com/tf_templates/the_box/demo_v1_6/img/test_product/33.jpg]
[remtsoy.com/tf_templates/the_box/demo_v1_6/img/girl-portrait-carnival-retro-524141_600x300.jpg]
[remtsoy.com/tf_templates/the_box/demo_v1_6/img/pyrenees-mountains-snow-zenith-351266_600x300.jpg]
[remtsoy.com/tf_templates/the_box/demo_v1_6/img/test_banner/24.png]
[remtsoy.com/tf_templates/the_box/demo_v1_6/img/test_product/26.jpg]
[remtsoy.com/tf_templates/the_box/demo_v1_6/img/test_product/man_fashion/3.jpg]
[remtsoy.com/tf_templates/the_box/demo_v1_6/img/smart-watch-apple-technology-style-821557_1140x200.jpg]
[remtsoy.com/tf_templates/the_box/demo_v1_6/index-layout-2.html]
[remtsoy.com/tf_templates/the_box/demo_v1_6/img/header-feature.png]
[remtsoy.com/tf_templates/the_box/demo_v1_6/img/test_cat/18.jpg]
[remtsoy.com/tf_templates/the_box/demo_v1_6/img/test_cat/19.jpg]
[remtsoy.com/tf_templates/the_box/demo_v1_6/img/test_cat/20.jpg]
[remtsoy.com/tf_templates/the_box/demo_v1_6/img/test_cat/21.jpg]
[remtsoy.com/tf_templates/the_box/demo_v1_6/img/test_cat/22.jpg]
[remtsoy.com/tf_templates/the_box/demo_v1_6/img/test_cat/23.jpg]
[remtsoy.com/tf_templates/the_box/demo_v1_6/img/test_banner/25.png]
[remtsoy.com/tf_templates/the_box/demo_v1_6/img/test_banner/26.png]
[remtsoy.com/tf_templates/the_box/demo_v1_6/img/test_banner/27.png]
[remtsoy.com/tf_templates/the_box/demo_v1_6/img/test_banner/29.png]
[remtsoy.com/tf_templates/the_box/demo_v1_6/img/test_product/woman_dress/2.jpg]
[remtsoy.com/tf_templates/the_box/demo_v1_6/img/test_product/woman_bags/1.jpg]
[remtsoy.com/tf_templates/the_box/demo_v1_6/img/test_product/28.jpg]
[remtsoy.com/tf_templates/the_box/demo_v1_6/img/test_banner/28.png]
[remtsoy.com/tf_templates/the_box/demo_v1_6/img/test_banner/32.png]
[remtsoy.com/tf_templates/the_box/demo_v1_6/img/test_product/woman_watches/6.jpg]
[remtsoy.com/tf_templates/the_box/demo_v1_6/img/test_product/woman_bags/3.jpg]
[remtsoy.com/tf_templates/the_box/demo_v1_6/index-layout-3.html]
[remtsoy.com/tf_templates/the_box/demo_v1_6/img/test_slider/14.png]
[remtsoy.com/tf_templates/the_box/demo_v1_6/img/man_back_1400x500.jpg]
[remtsoy.com/tf_templates/the_box/demo_v1_6/img/test_slider/15.png]
[remtsoy.com/tf_templates/the_box/demo_v1_6/img/test_product/woman_bags/2.jpg]
[remtsoy.com/tf_templates/the_box/demo_v1_6/img/test_product/27.jpg]
[remtsoy.com/tf_templates/the_box/demo_v1_6/img/test_product/laptops/2.jpg]
[remtsoy.com/tf_templates/the_box/demo_v1_6/img/test_product/laptops/4.jpg]
[remtsoy.com/tf_templates/the_box/demo_v1_6/img/test_banner/33.png]
[remtsoy.com/tf_templates/the_box/demo_v1_6/img/furniture_stuff_400x200.jpg]
[remtsoy.com/tf_templates/the_box/demo_v1_6/img/girl-portrait-carnival-retro-524141_240x200.jpg]
[remtsoy.com/tf_templates/the_box/demo_v1_6/img/smart-watch-apple-technology-style-821557_240x200.jpg]
[remtsoy.com/tf_templates/the_box/demo_v1_6/img/shoes-woman-girl-sport-jogging_240x200.jpg]
[remtsoy.com/tf_templates/the_box/demo_v1_6/img/test_product/woman_watches/2.jpg]
[remtsoy.com/tf_templates/the_box/demo_v1_6/img/man_back_240x200.jpg]
[remtsoy.com/tf_templates/the_box/demo_v1_6/index-layout-4.html]
[remtsoy.com/tf_templates/the_box/demo_v1_6/img/logo-center.png]
[remtsoy.com/tf_templates/the_box/demo_v1_6/img/test_banner/36.jpg]
[remtsoy.com/tf_templates/the_box/demo_v1_6/img/shoes-woman-girl-sport-jogging_280x160.jpg]
[remtsoy.com/tf_templates/the_box/demo_v1_6/img/test_product/home_tools/5.jpg]
[remtsoy.com/tf_templates/the_box/demo_v1_6/img/smart-watch-apple-technology-style-821557_420x210.jpg]
[remtsoy.com/tf_templates/the_box/demo_v1_6/index-layout-5.html]
[remtsoy.com/tf_templates/the_box/demo_v1_6/img/man_back_450x200.jpg]
[remtsoy.com/tf_templates/the_box/demo_v1_6/img/test_product/home_tech/5.jpg]
[remtsoy.com/tf_templates/the_box/demo_v1_6/img/test_product/woman_running_shoes/1.jpg]
[remtsoy.com/tf_templates/the_box/demo_v1_6/img/test_product/sports/2.jpg]
[remtsoy.com/tf_templates/the_box/demo_v1_6/img/test_product/woman_watches/3.jpg]
[remtsoy.com/tf_templates/the_box/demo_v1_6/img/test_product/sports/3.jpg]
[remtsoy.com/tf_templates/the_box/demo_v1_6/img/test_product/15.jpg]
[remtsoy.com/tf_templates/the_box/demo_v1_6/img/test_product/16.jpg]
[remtsoy.com/tf_templates/the_box/demo_v1_6/img/test_product/17.jpg]
[remtsoy.com/tf_templates/the_box/demo_v1_6/img/test_product/18.jpg]
[remtsoy.com/tf_templates/the_box/demo_v1_6/img/test_product/19.jpg]
[remtsoy.com/tf_templates/the_box/demo_v1_6/img/test_product/20.jpg]
[remtsoy.com/tf_templates/the_box/demo_v1_6/img/test_product/21.jpg]
[remtsoy.com/tf_templates/the_box/demo_v1_6/index-layout-6.html]
[remtsoy.com/tf_templates/the_box/demo_v1_6/img/test_slider/17.jpg]
[remtsoy.com/tf_templates/the_box/demo_v1_6/img/test_slider/16.png]
[remtsoy.com/tf_templates/the_box/demo_v1_6/img/man_back_560x200.jpg]
[remtsoy.com/tf_templates/the_box/demo_v1_6/img/test_product/woman_running_shoes/4.jpg]
[remtsoy.com/tf_templates/the_box/demo_v1_6/img/gamer_chick_50x50.jpg]
[remtsoy.com/tf_templates/the_box/demo_v1_6/img/test_product/xs/1.jpg]
[remtsoy.com/tf_templates/the_box/demo_v1_6/img/andrea_50x50.jpg]
[remtsoy.com/tf_templates/the_box/demo_v1_6/img/test_product/xs/2.jpg]
[remtsoy.com/tf_templates/the_box/demo_v1_6/img/afro_50x50.jpg]
[remtsoy.com/tf_templates/the_box/demo_v1_6/img/test_product/xs/3.jpg]
[remtsoy.com/tf_templates/the_box/demo_v1_6/img/luca_50x50.jpg]
[remtsoy.com/tf_templates/the_box/demo_v1_6/img/test_product/xs/4.jpg]
[remtsoy.com/tf_templates/the_box/demo_v1_6/img/bubbles_50x50.jpg]
[remtsoy.com/tf_templates/the_box/demo_v1_6/img/test_product/xs/6.jpg]
[remtsoy.com/tf_templates/the_box/demo_v1_6/img/amaze_50x50.jpg]
[remtsoy.com/tf_templates/the_box/demo_v1_6/img/test_product/xs/5.jpg]
[remtsoy.com/tf_templates/the_box/demo_v1_6/index-layout-7.html]
[remtsoy.com/tf_templates/the_box/demo_v1_6/img/test_product/27-a.jpg]
[remtsoy.com/tf_templates/the_box/demo_v1_6/img/test_product/33-a.jpg]
[remtsoy.com/tf_templates/the_box/demo_v1_6/img/test_product/26-a.jpg]
[remtsoy.com/tf_templates/the_box/demo_v1_6/img/test_product/28-a.jpg]
[remtsoy.com/tf_templates/the_box/demo_v1_6/category.html]
[remtsoy.com/tf_templates/the_box/demo_v1_6/img/shoes-woman-girl-sport-jogging_1400x220.jpg]
[remtsoy.com/tf_templates/the_box/demo_v1_6/img/test_product/woman_running_shoes/2-a.jpg]
[remtsoy.com/tf_templates/the_box/demo_v1_6/img/test_product/woman_running_shoes/5-a.jpg]
[remtsoy.com/tf_templates/the_box/demo_v1_6/img/test_product/woman_running_shoes/3-a.jpg]
[remtsoy.com/tf_templates/the_box/demo_v1_6/img/test_product/woman_running_shoes/1-a.jpg]
[remtsoy.com/tf_templates/the_box/demo_v1_6/img/test_product/woman_running_shoes/4-a.jpg]
[remtsoy.com/tf_templates/the_box/demo_v1_6/img/test_product/woman_running_shoes/6-a.jpg]
[remtsoy.com/tf_templates/the_box/demo_v1_6/category-layout-2.html]
[remtsoy.com/tf_templates/the_box/demo_v1_6/img/test_product/laptops/4-a.jpg]
[remtsoy.com/tf_templates/the_box/demo_v1_6/img/test_product/cameras/2-a.jpg]
[remtsoy.com/tf_templates/the_box/demo_v1_6/img/test_product/laptops/2-a.jpg]
[remtsoy.com/tf_templates/the_box/demo_v1_6/category-layout-3.html]
[remtsoy.com/tf_templates/the_box/demo_v1_6/category-layout-4.html]
[remtsoy.com/tf_templates/the_box/demo_v1_6/category-layout-5.html]
[remtsoy.com/tf_templates/the_box/demo_v1_6/img/test_product/home_tools/4.jpg]
[remtsoy.com/tf_templates/the_box/demo_v1_6/category-layout-6.html]
[remtsoy.com/tf_templates/the_box/demo_v1_6/img/test_product/woman_watches/7-a.jpg]
[remtsoy.com/tf_templates/the_box/demo_v1_6/img/test_product/woman_watches/2-a.jpg]
[remtsoy.com/tf_templates/the_box/demo_v1_6/img/test_product/woman_watches/3-a.jpg]
[remtsoy.com/tf_templates/the_box/demo_v1_6/img/test_product/woman_watches/6-a.jpg]
[remtsoy.com/tf_templates/the_box/demo_v1_6/img/test_product/woman_watches/5-a.jpg]
[remtsoy.com/tf_templates/the_box/demo_v1_6/category-layout-7.html]
[remtsoy.com/tf_templates/the_box/demo_v1_6/category-layout-8.html]
[remtsoy.com/tf_templates/the_box/demo_v1_6/img/test_product/sports/6-a.jpg]
[remtsoy.com/tf_templates/the_box/demo_v1_6/img/test_product/sports/3-a.jpg]
[remtsoy.com/tf_templates/the_box/demo_v1_6/img/test_product/sports/4-a.jpg]
[remtsoy.com/tf_templates/the_box/demo_v1_6/img/test_product/sports/1-a.jpg]
[remtsoy.com/tf_templates/the_box/demo_v1_6/img/test_product/sports/2-a.jpg]
[remtsoy.com/tf_templates/the_box/demo_v1_6/img/test_product/sports/5-a.jpg]
[remtsoy.com/tf_templates/the_box/demo_v1_6/category-layout-9.html]
[remtsoy.com/tf_templates/the_box/demo_v1_6/img/test_product/woman_bags/4-a.jpg]
[remtsoy.com/tf_templates/the_box/demo_v1_6/img/test_product/woman_bags/3-a.jpg]
[remtsoy.com/tf_templates/the_box/demo_v1_6/img/test_product/woman_bags/5-a.jpg]
[remtsoy.com/tf_templates/the_box/demo_v1_6/img/test_product/woman_bags/6-a.jpg]
[remtsoy.com/tf_templates/the_box/demo_v1_6/img/test_product/woman_bags/1-a.jpg]
[remtsoy.com/tf_templates/the_box/demo_v1_6/img/test_product/woman_bags/8-a.jpg]
[remtsoy.com/tf_templates/the_box/demo_v1_6/img/test_product/woman_bags/7-a.jpg]
[remtsoy.com/tf_templates/the_box/demo_v1_6/img/test_product/woman_bags/2-a.jpg]
[remtsoy.com/tf_templates/the_box/demo_v1_6/category-layout-10.html]
[remtsoy.com/tf_templates/the_box/demo_v1_6/img/test_product/laptops/5-a.jpg]
[remtsoy.com/tf_templates/the_box/demo_v1_6/category-layout-11.html]
[remtsoy.com/tf_templates/the_box/demo_v1_6/img/test_product_page/xperia/1-b.jpg]
[remtsoy.com/tf_templates/the_box/demo_v1_6/img/test_product_page/xperia/1.jpg]
[remtsoy.com/tf_templates/the_box/demo_v1_6/img/test_product_page/xperia/1-s.jpg]
[remtsoy.com/tf_templates/the_box/demo_v1_6/img/test_product_page/xperia/2-s.jpg]
[remtsoy.com/tf_templates/the_box/demo_v1_6/img/test_product_page/xperia/3-s.jpg]
[remtsoy.com/tf_templates/the_box/demo_v1_6/img/test_product_page/xperia/4-s.jpg]
[remtsoy.com/tf_templates/the_box/demo_v1_6/img/test_overview/1.jpg]
[remtsoy.com/tf_templates/the_box/demo_v1_6/img/test_overview/2.jpg]
[remtsoy.com/tf_templates/the_box/demo_v1_6/img/test_overview/3.jpg]
[remtsoy.com/tf_templates/the_box/demo_v1_6/img/test_overview/4.jpg]
[remtsoy.com/tf_templates/the_box/demo_v1_6/img/test_overview/5.jpg]
[remtsoy.com/tf_templates/the_box/demo_v1_6/img/test_overview/6.jpg]
[remtsoy.com/tf_templates/the_box/demo_v1_6/img/test_overview/7.jpg]
[remtsoy.com/tf_templates/the_box/demo_v1_6/img/test_overview/8.jpg]
[remtsoy.com/tf_templates/the_box/demo_v1_6/img/amaze_70x70.jpg]
[remtsoy.com/tf_templates/the_box/demo_v1_6/img/chiara_70x70.jpg]
[remtsoy.com/tf_templates/the_box/demo_v1_6/img/bubbles_70x70.jpg]
[remtsoy.com/tf_templates/the_box/demo_v1_6/img/me_with_the_uke_70x70.jpg]
[remtsoy.com/tf_templates/the_box/demo_v1_6/img/afro_70x70.jpg]
[remtsoy.com/tf_templates/the_box/demo_v1_6/img/test_product/9.jpg]
[remtsoy.com/tf_templates/the_box/demo_v1_6/img/test_product/10.jpg]
[remtsoy.com/tf_templates/the_box/demo_v1_6/img/test_product/11.jpg]
[remtsoy.com/tf_templates/the_box/demo_v1_6/img/test_product/12.jpg]
[remtsoy.com/tf_templates/the_box/demo_v1_6/img/test_product/13.jpg]
[remtsoy.com/tf_templates/the_box/demo_v1_6/product-page.html]
[remtsoy.com/tf_templates/the_box/demo_v1_6/img/test_product_page/verabag/1-b.jpg]
[remtsoy.com/tf_templates/the_box/demo_v1_6/img/test_product_page/verabag/1.jpg]
[remtsoy.com/tf_templates/the_box/demo_v1_6/img/test_product_page/verabag/1-s.jpg]
[remtsoy.com/tf_templates/the_box/demo_v1_6/img/test_product_page/verabag/2-s.jpg]
[remtsoy.com/tf_templates/the_box/demo_v1_6/img/test_product_page/verabag/3-s.jpg]
[remtsoy.com/tf_templates/the_box/demo_v1_6/img/test_product_page/verabag/4-s.jpg]
[remtsoy.com/tf_templates/the_box/demo_v1_6/img/test_product_page/verabag/5-s.jpg]
[remtsoy.com/tf_templates/the_box/demo_v1_6/product-layout-2.html]
[remtsoy.com/tf_templates/the_box/demo_v1_6/img/test_product/23.jpg]
[remtsoy.com/tf_templates/the_box/demo_v1_6/img/test_banner/24.jpg]
[remtsoy.com/tf_templates/the_box/demo_v1_6/img/test_banner/25.jpg]
[remtsoy.com/tf_templates/the_box/demo_v1_6/img/test_banner/26.jpg]
[remtsoy.com/tf_templates/the_box/demo_v1_6/img/test_banner/27.jpg]
[remtsoy.com/tf_templates/the_box/demo_v1_6/product-layout-3.html]
[remtsoy.com/tf_templates/the_box/demo_v1_6/img/test_product_page/galaxy/1.jpg]
[remtsoy.com/tf_templates/the_box/demo_v1_6/img/test_product_page/galaxy/2.jpg]
[remtsoy.com/tf_templates/the_box/demo_v1_6/img/test_product_page/galaxy/3.jpg]
[remtsoy.com/tf_templates/the_box/demo_v1_6/img/test_product_page/galaxy/4.jpg]
[remtsoy.com/tf_templates/the_box/demo_v1_6/img/test_product_page/galaxy/5.jpg]
[remtsoy.com/tf_templates/the_box/demo_v1_6/img/test_product_page/galaxy/6.jpg]
[remtsoy.com/tf_templates/the_box/demo_v1_6/img/test_product_page/galaxy/7.jpg]
[remtsoy.com/tf_templates/the_box/demo_v1_6/img/test_product_page/galaxy/8.jpg]
[remtsoy.com/tf_templates/the_box/demo_v1_6/img/test_product_page/galaxy/9.jpg]
[remtsoy.com/tf_templates/the_box/demo_v1_6/product-layout-4.html]
[remtsoy.com/tf_templates/the_box/demo_v1_6/img/test_product_page/watch/1-b.jpg]
[remtsoy.com/tf_templates/the_box/demo_v1_6/img/test_product_page/watch/1.jpg]
[remtsoy.com/tf_templates/the_box/demo_v1_6/img/test_product_page/watch/1-s.jpg]
[remtsoy.com/tf_templates/the_box/demo_v1_6/img/test_product_page/watch/2-s.jpg]
[remtsoy.com/tf_templates/the_box/demo_v1_6/img/test_product_page/watch/3-s.jpg]
[remtsoy.com/tf_templates/the_box/demo_v1_6/img/test_product_page/watch/4-s.jpg]
[remtsoy.com/tf_templates/the_box/demo_v1_6/img/test_product/6.jpg]
[remtsoy.com/tf_templates/the_box/demo_v1_6/img/test_product/2.jpg]
[remtsoy.com/tf_templates/the_box/demo_v1_6/img/test_product/5.jpg]
[remtsoy.com/tf_templates/the_box/demo_v1_6/img/test_product/4.jpg]
[remtsoy.com/tf_templates/the_box/demo_v1_6/product-layout-5.html]
[remtsoy.com/tf_templates/the_box/demo_v1_6/img/test_product_page/monitor/1-b.jpg]
[remtsoy.com/tf_templates/the_box/demo_v1_6/img/test_product_page/monitor/1.jpg]
[remtsoy.com/tf_templates/the_box/demo_v1_6/img/test_product_page/monitor/1-s.jpg]
[remtsoy.com/tf_templates/the_box/demo_v1_6/img/test_product_page/monitor/2-s.jpg]
[remtsoy.com/tf_templates/the_box/demo_v1_6/img/test_product_page/monitor/3-s.jpg]
[remtsoy.com/tf_templates/the_box/demo_v1_6/img/test_product_page/monitor/4-s.jpg]
[remtsoy.com/tf_templates/the_box/demo_v1_6/product-layout-6.html]
[remtsoy.com/tf_templates/the_box/demo_v1_6/img/test_product_page/ipad/1-s.jpg]
[remtsoy.com/tf_templates/the_box/demo_v1_6/img/test_product_page/ipad/2-s.jpg]
[remtsoy.com/tf_templates/the_box/demo_v1_6/img/test_product_page/ipad/3-s.jpg]
[remtsoy.com/tf_templates/the_box/demo_v1_6/img/test_product_page/ipad/4-s.jpg]
[remtsoy.com/tf_templates/the_box/demo_v1_6/img/test_product_page/ipad/1-b.jpg]
[remtsoy.com/tf_templates/the_box/demo_v1_6/img/test_product_page/ipad/1.jpg]
[remtsoy.com/tf_templates/the_box/demo_v1_6/product-layout-7.html]
[remtsoy.com/tf_templates/the_box/demo_v1_6/img/test_product_page/dress/4-s.jpg]
[remtsoy.com/tf_templates/the_box/demo_v1_6/img/test_product_page/dress/1-s.jpg]
[remtsoy.com/tf_templates/the_box/demo_v1_6/img/test_product_page/dress/2-s.jpg]
[remtsoy.com/tf_templates/the_box/demo_v1_6/img/test_product_page/dress/3-s.jpg]
[remtsoy.com/tf_templates/the_box/demo_v1_6/img/test_product_page/dress/4-b.jpg]
[remtsoy.com/tf_templates/the_box/demo_v1_6/img/test_product_page/dress/4.jpg]
[remtsoy.com/tf_templates/the_box/demo_v1_6/img/test_product/woman_heels/2-a.jpg]
[remtsoy.com/tf_templates/the_box/demo_v1_6/product-layout-8.html]
[remtsoy.com/tf_templates/the_box/demo_v1_6/img/test_product/home_tools/5-a.jpg]
[remtsoy.com/tf_templates/the_box/demo_v1_6/img/test_product/man_fashion/11-a.jpg]
[remtsoy.com/tf_templates/the_box/demo_v1_6/img/test_product/home_tech/1.jpg]
[remtsoy.com/tf_templates/the_box/demo_v1_6/img/test_product/home_tech/1-a.jpg]
[remtsoy.com/tf_templates/the_box/demo_v1_6/img/test_product/furniture/2-a.jpg]
[remtsoy.com/tf_templates/the_box/demo_v1_6/img/test_product/home_tech/5-a.jpg]
[remtsoy.com/tf_templates/the_box/demo_v1_6/img/test_product/home_tech/2-a.jpg]
[remtsoy.com/tf_templates/the_box/demo_v1_6/index-nav-layout-2.html]
[remtsoy.com/tf_templates/the_box/demo_v1_6/img/test_product/home_tools/4-a.jpg]
[remtsoy.com/tf_templates/the_box/demo_v1_6/img/test_product/furniture/4-a.jpg]
[remtsoy.com/tf_templates/the_box/demo_v1_6/index-nav-layout-3.html]
[remtsoy.com/tf_templates/the_box/demo_v1_6/img/test_product/home_tech/4-a.jpg]
[remtsoy.com/tf_templates/the_box/demo_v1_6/index-nav-layout-4.html]
[remtsoy.com/tf_templates/the_box/demo_v1_6/img/test_product/7.jpg]
[remtsoy.com/tf_templates/the_box/demo_v1_6/img/test_product/3.jpg]
[remtsoy.com/tf_templates/the_box/demo_v1_6/index-footer-layout-2.html]
[remtsoy.com/tf_templates/the_box/demo_v1_6/shopping-cart.html]
[remtsoy.com/tf_templates/the_box/demo_v1_6/shopping-cart-empty.html]
[remtsoy.com/tf_templates/the_box/demo_v1_6/img/paypal.png]
[remtsoy.com/tf_templates/the_box/demo_v1_6/checkout.html]
[remtsoy.com/tf_templates/the_box/demo_v1_6/order-summary.html]
[remtsoy.com/tf_templates/the_box/demo_v1_6/img/street_960x480.jpg]
[remtsoy.com/tf_templates/the_box/demo_v1_6/img/girls_party_smile_550x210.jpg]
[remtsoy.com/tf_templates/the_box/demo_v1_6/img/cup_on_red_300x300.jpg]
[remtsoy.com/tf_templates/the_box/demo_v1_6/img/rail_road_300x300.jpg]
[remtsoy.com/tf_templates/the_box/demo_v1_6/img/foots_and_grass_300x300.jpg]
[remtsoy.com/tf_templates/the_box/demo_v1_6/img/shoes-woman-girl-sport-jogging_300x300.jpg]
[remtsoy.com/tf_templates/the_box/demo_v1_6/img/the_violin_300x300.jpg]
[remtsoy.com/tf_templates/the_box/demo_v1_6/img/sorry_to_bust_your_bubble_300x300.jpg]
[remtsoy.com/tf_templates/the_box/demo_v1_6/img/my_ice_cream_and_your_ice_cream_spoons_300x300.jpg]
[remtsoy.com/tf_templates/the_box/demo_v1_6/img/a_dreamy_jump_300x300.jpg]
[remtsoy.com/tf_templates/the_box/demo_v1_6/img/lack_of_blue_depresses_me_300x300.jpg]
[remtsoy.com/tf_templates/the_box/demo_v1_6/img/ijump_300x300.jpg]
[remtsoy.com/tf_templates/the_box/demo_v1_6/img/dangle_300x300.jpg]
[remtsoy.com/tf_templates/the_box/demo_v1_6/img/step_up_300x300.jpg]
[remtsoy.com/tf_templates/the_box/demo_v1_6/about-us.html]
[remtsoy.com/tf_templates/the_box/demo_v1_6/contact.html]
[remtsoy.com/tf_templates/the_box/demo_v1_6/404.html]
[remtsoy.com/tf_templates/the_box/demo_v1_6/img/girl-portrait-carnival-retro-524141_940x480.jpg]
[remtsoy.com/tf_templates/the_box/demo_v1_6/img/campanha_corso_como_940x480.jpg]
[remtsoy.com/tf_templates/the_box/demo_v1_6/img/smart-watch-apple-technology-style-821557_940x480.jpg]
[remtsoy.com/tf_templates/the_box/demo_v1_6/img/concert_2_940x480.jpg]
[remtsoy.com/tf_templates/the_box/demo_v1_6/img/girls_party_smile_940x480.jpg]
[remtsoy.com/tf_templates/the_box/demo_v1_6/img/man_back_940x480.jpg]
[remtsoy.com/tf_templates/the_box/demo_v1_6/blog.html]
[remtsoy.com/tf_templates/the_box/demo_v1_6/blog-post.html]
[remtsoy.com/tf_templates/the_box/demo_v1_6/login-register.html]
[remtsoy.com/tf_templates/the_box/demo_v1_6/fonts/glyphicons-halflings-regular.html]
[remtsoy.com/tf_templates/the_box/demo_v1_6/fonts/glyphicons-halflings-regulard41d.html]
[remtsoy.com/tf_templates/the_box/demo_v1_6/fonts/glyphicons-halflings-regular-2.html]
[remtsoy.com/tf_templates/the_box/demo_v1_6/fonts/glyphicons-halflings-regular-3.html]
[remtsoy.com/tf_templates/the_box/demo_v1_6/fonts/glyphicons-halflings-regular-4.html]
[remtsoy.com/tf_templates/the_box/demo_v1_6/fonts/glyphicons-halflings-regular-5.html]
[remtsoy.com/tf_templates/the_box/demo_v1_6/fonts/fontawesome-webfonte0a5.svg]
[remtsoy.com/tf_templates/the_box/demo_v1_6/fonts/fontawesome-webfonte0a5.html]
[remtsoy.com/tf_templates/the_box/demo_v1_6/css/owl.video.play.html]
[remtsoy.com/tf_templates/the_box/demo_v1_6/indexc392-2.html]
[remtsoy.com/tf_templates/the_box/demo_v1_6/index-layout-2c392.html]
[remtsoy.com/tf_templates/the_box/demo_v1_6/index-layout-3c392.html]
[remtsoy.com/tf_templates/the_box/demo_v1_6/index-layout-4c392.html]
[remtsoy.com/tf_templates/the_box/demo_v1_6/index-layout-5c392.html]
[remtsoy.com/tf_templates/the_box/demo_v1_6/index-layout-6c392.html]
[remtsoy.com/tf_templates/the_box/demo_v1_6/index-layout-7c392.html]
[remtsoy.com/tf_templates/the_box/demo_v1_6/categoryc392.html]
[remtsoy.com/tf_templates/the_box/demo_v1_6/category-layout-2c392.html]
[remtsoy.com/tf_templates/the_box/demo_v1_6/category-layout-3c392.html]
[remtsoy.com/tf_templates/the_box/demo_v1_6/category-layout-4c392.html]
[remtsoy.com/tf_templates/the_box/demo_v1_6/category-layout-5c392.html]
[remtsoy.com/tf_templates/the_box/demo_v1_6/category-layout-6c392.html]
[remtsoy.com/tf_templates/the_box/demo_v1_6/category-layout-7c392.html]
[remtsoy.com/tf_templates/the_box/demo_v1_6/category-layout-8c392.html]
[remtsoy.com/tf_templates/the_box/demo_v1_6/category-layout-9c392.html]
[remtsoy.com/tf_templates/the_box/demo_v1_6/category-layout-10c392.html]
[remtsoy.com/tf_templates/the_box/demo_v1_6/img/test_product/woman_bags/4-a.jpg]
[remtsoy.com/tf_templates/the_box/demo_v1_6/category-layout-11c392.html]
[remtsoy.com/tf_templates/the_box/demo_v1_6/product-pagec392.html]
[remtsoy.com/tf_templates/the_box/demo_v1_6/product-layout-2c392.html]
[remtsoy.com/tf_templates/the_box/demo_v1_6/product-layout-3c392.html]
[remtsoy.com/tf_templates/the_box/demo_v1_6/product-layout-4c392.html]
[remtsoy.com/tf_templates/the_box/demo_v1_6/product-layout-5c392.html]
[remtsoy.com/tf_templates/the_box/demo_v1_6/product-layout-6c392.html]
[remtsoy.com/tf_templates/the_box/demo_v1_6/product-layout-7c392.html]
[remtsoy.com/tf_templates/the_box/demo_v1_6/product-layout-8c392.html]
[remtsoy.com/tf_templates/the_box/demo_v1_6/index-nav-layout-2c392.html]
[remtsoy.com/tf_templates/the_box/demo_v1_6/index-nav-layout-3c392.html]
[remtsoy.com/tf_templates/the_box/demo_v1_6/index-nav-layout-4c392.html]
[remtsoy.com/tf_templates/the_box/demo_v1_6/index-footer-layout-2c392.html]
[remtsoy.com/tf_templates/the_box/demo_v1_6/shopping-cartc392.html]
[remtsoy.com/tf_templates/the_box/demo_v1_6/shopping-cart-emptyc392.html]
[remtsoy.com/tf_templates/the_box/demo_v1_6/checkoutc392.html]
[remtsoy.com/tf_templates/the_box/demo_v1_6/order-summaryc392.html]
[remtsoy.com/tf_templates/the_box/demo_v1_6/about-usc392.html]
[remtsoy.com/tf_templates/the_box/demo_v1_6/contactc392.html]
[remtsoy.com/tf_templates/the_box/demo_v1_6/404c392.html]
[remtsoy.com/tf_templates/the_box/demo_v1_6/blogc392.html]
[remtsoy.com/tf_templates/the_box/demo_v1_6/blog-postc392.html]
[remtsoy.com/tf_templates/the_box/demo_v1_6/login-registerc392.html]
